Gym has been unmaintained since 2022 and does not support NumPy 2.0 amongst other critical functionality.
Please upgrade to Gymnasium, the maintained drop-in replacement of Gym, or contact the authors of your software and request that they upgrade.
See the migration guide at https://gymnasium.farama.org/introduction/migration_guide/ for additional information.
/Users/dap/Documents/cmu_courses/16 831 robot learning/HW1/.venv/lib/python3.10/site-packages/tensorboardX/proto/resource_handle_pb2.py:18: DeprecationWarning: Call to deprecated create function FileDescriptor(). Note: Create unlinked descriptors is going to go away. Please use get/find descriptors from generated code or query the descriptor_pool.
  DESCRIPTOR = _descriptor.FileDescriptor(
/Users/dap/Documents/cmu_courses/16 831 robot learning/HW1/.venv/lib/python3.10/site-packages/tensorboardX/proto/resource_handle_pb2.py:36: DeprecationWarning: Call to deprecated create function FieldDescriptor(). Note: Create unlinked descriptors is going to go away. Please use get/find descriptors from generated code or query the descriptor_pool.
  _descriptor.FieldDescriptor(
/Users/dap/Documents/cmu_courses/16 831 robot learning/HW1/.venv/lib/python3.10/site-packages/tensorboardX/proto/resource_handle_pb2.py:29: DeprecationWarning: Call to deprecated create function Descriptor(). Note: Create unlinked descriptors is going to go away. Please use get/find descriptors from generated code or query the descriptor_pool.
  _RESOURCEHANDLEPROTO = _descriptor.Descriptor(
/Users/dap/Documents/cmu_courses/16 831 robot learning/HW1/.venv/lib/python3.10/site-packages/tensorboardX/proto/tensor_shape_pb2.py:18: DeprecationWarning: Call to deprecated create function FileDescriptor(). Note: Create unlinked descriptors is going to go away. Please use get/find descriptors from generated code or query the descriptor_pool.
  DESCRIPTOR = _descriptor.FileDescriptor(
/Users/dap/Documents/cmu_courses/16 831 robot learning/HW1/.venv/lib/python3.10/site-packages/tensorboardX/proto/tensor_shape_pb2.py:36: DeprecationWarning: Call to deprecated create function FieldDescriptor(). Note: Create unlinked descriptors is going to go away. Please use get/find descriptors from generated code or query the descriptor_pool.
  _descriptor.FieldDescriptor(
/Users/dap/Documents/cmu_courses/16 831 robot learning/HW1/.venv/lib/python3.10/site-packages/tensorboardX/proto/tensor_shape_pb2.py:29: DeprecationWarning: Call to deprecated create function Descriptor(). Note: Create unlinked descriptors is going to go away. Please use get/find descriptors from generated code or query the descriptor_pool.
  _TENSORSHAPEPROTO_DIM = _descriptor.Descriptor(
/Users/dap/Documents/cmu_courses/16 831 robot learning/HW1/.venv/lib/python3.10/site-packages/tensorboardX/proto/types_pb2.py:19: DeprecationWarning: Call to deprecated create function FileDescriptor(). Note: Create unlinked descriptors is going to go away. Please use get/find descriptors from generated code or query the descriptor_pool.
  DESCRIPTOR = _descriptor.FileDescriptor(
/Users/dap/Documents/cmu_courses/16 831 robot learning/HW1/.venv/lib/python3.10/site-packages/tensorboardX/proto/types_pb2.py:33: DeprecationWarning: Call to deprecated create function EnumValueDescriptor(). Note: Create unlinked descriptors is going to go away. Please use get/find descriptors from generated code or query the descriptor_pool.
  _descriptor.EnumValueDescriptor(
/Users/dap/Documents/cmu_courses/16 831 robot learning/HW1/.venv/lib/python3.10/site-packages/tensorboardX/proto/types_pb2.py:27: DeprecationWarning: Call to deprecated create function EnumDescriptor(). Note: Create unlinked descriptors is going to go away. Please use get/find descriptors from generated code or query the descriptor_pool.
  _DATATYPE = _descriptor.EnumDescriptor(
/Users/dap/Documents/cmu_courses/16 831 robot learning/HW1/.venv/lib/python3.10/site-packages/tensorboardX/proto/tensor_pb2.py:21: DeprecationWarning: Call to deprecated create function FileDescriptor(). Note: Create unlinked descriptors is going to go away. Please use get/find descriptors from generated code or query the descriptor_pool.
  DESCRIPTOR = _descriptor.FileDescriptor(
/Users/dap/Documents/cmu_courses/16 831 robot learning/HW1/.venv/lib/python3.10/site-packages/tensorboardX/proto/tensor_pb2.py:40: DeprecationWarning: Call to deprecated create function FieldDescriptor(). Note: Create unlinked descriptors is going to go away. Please use get/find descriptors from generated code or query the descriptor_pool.
  _descriptor.FieldDescriptor(
/Users/dap/Documents/cmu_courses/16 831 robot learning/HW1/.venv/lib/python3.10/site-packages/tensorboardX/proto/tensor_pb2.py:33: DeprecationWarning: Call to deprecated create function Descriptor(). Note: Create unlinked descriptors is going to go away. Please use get/find descriptors from generated code or query the descriptor_pool.
  _TENSORPROTO = _descriptor.Descriptor(
/Users/dap/Documents/cmu_courses/16 831 robot learning/HW1/.venv/lib/python3.10/site-packages/tensorboardX/proto/summary_pb2.py:19: DeprecationWarning: Call to deprecated create function FileDescriptor(). Note: Create unlinked descriptors is going to go away. Please use get/find descriptors from generated code or query the descriptor_pool.
  DESCRIPTOR = _descriptor.FileDescriptor(
/Users/dap/Documents/cmu_courses/16 831 robot learning/HW1/.venv/lib/python3.10/site-packages/tensorboardX/proto/summary_pb2.py:38: DeprecationWarning: Call to deprecated create function FieldDescriptor(). Note: Create unlinked descriptors is going to go away. Please use get/find descriptors from generated code or query the descriptor_pool.
  _descriptor.FieldDescriptor(
/Users/dap/Documents/cmu_courses/16 831 robot learning/HW1/.venv/lib/python3.10/site-packages/tensorboardX/proto/summary_pb2.py:31: DeprecationWarning: Call to deprecated create function Descriptor(). Note: Create unlinked descriptors is going to go away. Please use get/find descriptors from generated code or query the descriptor_pool.
  _SUMMARYDESCRIPTION = _descriptor.Descriptor(
/Users/dap/Documents/cmu_courses/16 831 robot learning/HW1/.venv/lib/python3.10/site-packages/gym/envs/registration.py:593: UserWarning: [33mWARN: The environment Ant-v2 is out of date. You should consider upgrading to version `v4`.[0m
  logger.warn(
/Users/dap/Documents/cmu_courses/16 831 robot learning/HW1/.venv/lib/python3.10/site-packages/Cython/Distutils/old_build_ext.py:15: DeprecationWarning: dep_util is Deprecated. Use functions from setuptools instead.
  from distutils.dep_util import newer, newer_group
<frozen importlib._bootstrap>:283: DeprecationWarning: the load_module() method is deprecated and slated for removal in Python 3.12; use exec_module() instead
/Users/dap/Documents/cmu_courses/16 831 robot learning/HW1/.venv/lib/python3.10/site-packages/gym/envs/mujoco/mujoco_env.py:237: UserWarning: [33mWARN: This version of the mujoco environments depends on the mujoco-py bindings, which are no longer maintained and may stop working. Please upgrade to the v4 versions of the environments (which depend on the mujoco python bindings instead), unless you are trying to precisely replicate previous works).[0m
  logger.warn(
/Users/dap/Documents/cmu_courses/16 831 robot learning/HW1/.venv/lib/python3.10/site-packages/gym/core.py:329: DeprecationWarning: [33mWARN: Initializing wrapper in old step API which returns one bool instead of two. It is recommended to set `new_step_api=True` to use new step API. This will be the default behaviour in future.[0m
  deprecation(
/Users/dap/Documents/cmu_courses/16 831 robot learning/HW1/.venv/lib/python3.10/site-packages/gym/wrappers/step_api_compatibility.py:39: DeprecationWarning: [33mWARN: Initializing environment in old step API which returns one bool instead of two. It is recommended to set `new_step_api=True` to use new step API. This will be the default behaviour in future.[0m
  deprecation(
/Users/dap/Documents/cmu_courses/16 831 robot learning/HW1/.venv/lib/python3.10/site-packages/gym/utils/passive_env_checker.py:241: DeprecationWarning: `np.bool8` is a deprecated alias for `np.bool_`.  (Deprecated NumPy 1.24)
  if not isinstance(terminated, (bool, np.bool8)):
/Users/dap/Documents/cmu_courses/16 831 robot learning/HW1/.venv/lib/python3.10/site-packages/tensorboardX/summary.py:153: DeprecationWarning: Conversion of an array with ndim > 0 to a scalar is deprecated, and will error in future. Ensure you extract a single element from your array before performing this operation. (Deprecated NumPy 1.25.)
  scalar = float(scalar)
########################
logging outputs to  /Users/dap/Documents/cmu_courses/16 831 robot learning/HW1/hw1/rob831/scripts/../../data/q1_table2_bc_Ant_L3_H64_U1000_seed1_Ant-v2_15-09-2026_19-40-22
########################
GPU not detected. Defaulting to CPU.
Loading expert policy from... rob831/policies/experts/Ant.pkl
obs (1, 111) (1, 111)
Done restoring expert policy...


********** Iteration 0 ************

Training agent using sampled data from replay buffer...

Beginning logging procedure...

Collecting data for eval...
Eval_AverageReturn : 4698.23193359375
Eval_StdReturn : 88.54125213623047
Eval_MaxReturn : 4821.43798828125
Eval_MinReturn : 4613.2451171875
Eval_AverageEpLen : 1000.0
Train_AverageReturn : 4713.6533203125
Train_StdReturn : 12.196533203125
Train_MaxReturn : 4725.849609375
Train_MinReturn : 4701.45654296875
Train_AverageEpLen : 1000.0
Train_EnvstepsSoFar : 0
TimeSinceStart : 1.3968157768249512
Training Loss : 0.0015643450897186995
Initial_DataCollection_AverageReturn : 4713.6533203125
Done logging...



Saving agent params
