Gym has been unmaintained since 2022 and does not support NumPy 2.0 amongst other critical functionality.
Please upgrade to Gymnasium, the maintained drop-in replacement of Gym, or contact the authors of your software and request that they upgrade.
See the migration guide at https://gymnasium.farama.org/introduction/migration_guide/ for additional information.
/Users/dap/Documents/cmu_courses/16 831 robot learning/HW1/.venv/lib/python3.10/site-packages/tensorboardX/proto/resource_handle_pb2.py:18: DeprecationWarning: Call to deprecated create function FileDescriptor(). Note: Create unlinked descriptors is going to go away. Please use get/find descriptors from generated code or query the descriptor_pool.
  DESCRIPTOR = _descriptor.FileDescriptor(
/Users/dap/Documents/cmu_courses/16 831 robot learning/HW1/.venv/lib/python3.10/site-packages/tensorboardX/proto/resource_handle_pb2.py:36: DeprecationWarning: Call to deprecated create function FieldDescriptor(). Note: Create unlinked descriptors is going to go away. Please use get/find descriptors from generated code or query the descriptor_pool.
  _descriptor.FieldDescriptor(
/Users/dap/Documents/cmu_courses/16 831 robot learning/HW1/.venv/lib/python3.10/site-packages/tensorboardX/proto/resource_handle_pb2.py:29: DeprecationWarning: Call to deprecated create function Descriptor(). Note: Create unlinked descriptors is going to go away. Please use get/find descriptors from generated code or query the descriptor_pool.
  _RESOURCEHANDLEPROTO = _descriptor.Descriptor(
/Users/dap/Documents/cmu_courses/16 831 robot learning/HW1/.venv/lib/python3.10/site-packages/tensorboardX/proto/tensor_shape_pb2.py:18: DeprecationWarning: Call to deprecated create function FileDescriptor(). Note: Create unlinked descriptors is going to go away. Please use get/find descriptors from generated code or query the descriptor_pool.
  DESCRIPTOR = _descriptor.FileDescriptor(
/Users/dap/Documents/cmu_courses/16 831 robot learning/HW1/.venv/lib/python3.10/site-packages/tensorboardX/proto/tensor_shape_pb2.py:36: DeprecationWarning: Call to deprecated create function FieldDescriptor(). Note: Create unlinked descriptors is going to go away. Please use get/find descriptors from generated code or query the descriptor_pool.
  _descriptor.FieldDescriptor(
/Users/dap/Documents/cmu_courses/16 831 robot learning/HW1/.venv/lib/python3.10/site-packages/tensorboardX/proto/tensor_shape_pb2.py:29: DeprecationWarning: Call to deprecated create function Descriptor(). Note: Create unlinked descriptors is going to go away. Please use get/find descriptors from generated code or query the descriptor_pool.
  _TENSORSHAPEPROTO_DIM = _descriptor.Descriptor(
/Users/dap/Documents/cmu_courses/16 831 robot learning/HW1/.venv/lib/python3.10/site-packages/tensorboardX/proto/types_pb2.py:19: DeprecationWarning: Call to deprecated create function FileDescriptor(). Note: Create unlinked descriptors is going to go away. Please use get/find descriptors from generated code or query the descriptor_pool.
  DESCRIPTOR = _descriptor.FileDescriptor(
/Users/dap/Documents/cmu_courses/16 831 robot learning/HW1/.venv/lib/python3.10/site-packages/tensorboardX/proto/types_pb2.py:33: DeprecationWarning: Call to deprecated create function EnumValueDescriptor(). Note: Create unlinked descriptors is going to go away. Please use get/find descriptors from generated code or query the descriptor_pool.
  _descriptor.EnumValueDescriptor(
/Users/dap/Documents/cmu_courses/16 831 robot learning/HW1/.venv/lib/python3.10/site-packages/tensorboardX/proto/types_pb2.py:27: DeprecationWarning: Call to deprecated create function EnumDescriptor(). Note: Create unlinked descriptors is going to go away. Please use get/find descriptors from generated code or query the descriptor_pool.
  _DATATYPE = _descriptor.EnumDescriptor(
/Users/dap/Documents/cmu_courses/16 831 robot learning/HW1/.venv/lib/python3.10/site-packages/tensorboardX/proto/tensor_pb2.py:21: DeprecationWarning: Call to deprecated create function FileDescriptor(). Note: Create unlinked descriptors is going to go away. Please use get/find descriptors from generated code or query the descriptor_pool.
  DESCRIPTOR = _descriptor.FileDescriptor(
/Users/dap/Documents/cmu_courses/16 831 robot learning/HW1/.venv/lib/python3.10/site-packages/tensorboardX/proto/tensor_pb2.py:40: DeprecationWarning: Call to deprecated create function FieldDescriptor(). Note: Create unlinked descriptors is going to go away. Please use get/find descriptors from generated code or query the descriptor_pool.
  _descriptor.FieldDescriptor(
/Users/dap/Documents/cmu_courses/16 831 robot learning/HW1/.venv/lib/python3.10/site-packages/tensorboardX/proto/tensor_pb2.py:33: DeprecationWarning: Call to deprecated create function Descriptor(). Note: Create unlinked descriptors is going to go away. Please use get/find descriptors from generated code or query the descriptor_pool.
  _TENSORPROTO = _descriptor.Descriptor(
/Users/dap/Documents/cmu_courses/16 831 robot learning/HW1/.venv/lib/python3.10/site-packages/tensorboardX/proto/summary_pb2.py:19: DeprecationWarning: Call to deprecated create function FileDescriptor(). Note: Create unlinked descriptors is going to go away. Please use get/find descriptors from generated code or query the descriptor_pool.
  DESCRIPTOR = _descriptor.FileDescriptor(
/Users/dap/Documents/cmu_courses/16 831 robot learning/HW1/.venv/lib/python3.10/site-packages/tensorboardX/proto/summary_pb2.py:38: DeprecationWarning: Call to deprecated create function FieldDescriptor(). Note: Create unlinked descriptors is going to go away. Please use get/find descriptors from generated code or query the descriptor_pool.
  _descriptor.FieldDescriptor(
/Users/dap/Documents/cmu_courses/16 831 robot learning/HW1/.venv/lib/python3.10/site-packages/tensorboardX/proto/summary_pb2.py:31: DeprecationWarning: Call to deprecated create function Descriptor(). Note: Create unlinked descriptors is going to go away. Please use get/find descriptors from generated code or query the descriptor_pool.
  _SUMMARYDESCRIPTION = _descriptor.Descriptor(
########################
logging outputs to  /Users/dap/Documents/cmu_courses/16 831 robot learning/HW1/hw1/rob831/scripts/../../data/q2_figure2_dagger_Ant_L3_H64_U1000_seed1_Ant-v2_16-09-2026_19-46-20
########################
GPU not detected. Defaulting to CPU.
/Users/dap/Documents/cmu_courses/16 831 robot learning/HW1/.venv/lib/python3.10/site-packages/gym/envs/registration.py:593: UserWarning: [33mWARN: The environment Ant-v2 is out of date. You should consider upgrading to version `v4`.[0m
  logger.warn(
/Users/dap/Documents/cmu_courses/16 831 robot learning/HW1/.venv/lib/python3.10/site-packages/Cython/Distutils/old_build_ext.py:15: DeprecationWarning: dep_util is Deprecated. Use functions from setuptools instead.
  from distutils.dep_util import newer, newer_group
<frozen importlib._bootstrap>:283: DeprecationWarning: the load_module() method is deprecated and slated for removal in Python 3.12; use exec_module() instead
/Users/dap/Documents/cmu_courses/16 831 robot learning/HW1/.venv/lib/python3.10/site-packages/gym/envs/mujoco/mujoco_env.py:237: UserWarning: [33mWARN: This version of the mujoco environments depends on the mujoco-py bindings, which are no longer maintained and may stop working. Please upgrade to the v4 versions of the environments (which depend on the mujoco python bindings instead), unless you are trying to precisely replicate previous works).[0m
  logger.warn(
/Users/dap/Documents/cmu_courses/16 831 robot learning/HW1/.venv/lib/python3.10/site-packages/gym/core.py:329: DeprecationWarning: [33mWARN: Initializing wrapper in old step API which returns one bool instead of two. It is recommended to set `new_step_api=True` to use new step API. This will be the default behaviour in future.[0m
  deprecation(
/Users/dap/Documents/cmu_courses/16 831 robot learning/HW1/.venv/lib/python3.10/site-packages/gym/wrappers/step_api_compatibility.py:39: DeprecationWarning: [33mWARN: Initializing environment in old step API which returns one bool instead of two. It is recommended to set `new_step_api=True` to use new step API. This will be the default behaviour in future.[0m
  deprecation(
Loading expert policy from... rob831/policies/experts/Ant.pkl
obs (1, 111) (1, 111)
Done restoring expert policy...


********** Iteration 0 ************

Training agent using sampled data from replay buffer...

Beginning logging procedure...

Collecting data for eval...
/Users/dap/Documents/cmu_courses/16 831 robot learning/HW1/.venv/lib/python3.10/site-packages/gym/utils/passive_env_checker.py:241: DeprecationWarning: `np.bool8` is a deprecated alias for `np.bool_`.  (Deprecated NumPy 1.24)
  if not isinstance(terminated, (bool, np.bool8)):
Eval_AverageReturn : 4698.23193359375
/Users/dap/Documents/cmu_courses/16 831 robot learning/HW1/.venv/lib/python3.10/site-packages/tensorboardX/summary.py:153: DeprecationWarning: Conversion of an array with ndim > 0 to a scalar is deprecated, and will error in future. Ensure you extract a single element from your array before performing this operation. (Deprecated NumPy 1.25.)
  scalar = float(scalar)
Eval_StdReturn : 88.54125213623047
Eval_MaxReturn : 4821.43798828125
Eval_MinReturn : 4613.2451171875
Eval_AverageEpLen : 1000.0
Train_AverageReturn : 4713.6533203125
Train_StdReturn : 12.196533203125
Train_MaxReturn : 4725.849609375
Train_MinReturn : 4701.45654296875
Train_AverageEpLen : 1000.0
Train_EnvstepsSoFar : 0
TimeSinceStart : 1.0040841102600098
Training Loss : 0.0015643450897186995
Initial_DataCollection_AverageReturn : 4713.6533203125
Done logging...



Saving agent params


********** Iteration 1 ************

Collecting data to be used for training...

Relabelling collected observations with labels from an expert policy...

Training agent using sampled data from replay buffer...

Beginning logging procedure...

Collecting data for eval...
Eval_AverageReturn : 4754.38427734375
Eval_StdReturn : 69.2842788696289
Eval_MaxReturn : 4842.138671875
Eval_MinReturn : 4675.9306640625
Eval_AverageEpLen : 1000.0
Train_AverageReturn : 4571.7783203125
Train_StdReturn : 0.0
Train_MaxReturn : 4571.7783203125
Train_MinReturn : 4571.7783203125
Train_AverageEpLen : 1000.0
Train_EnvstepsSoFar : 1000
TimeSinceStart : 2.12381911277771
Training Loss : 0.0008191963424906135
Initial_DataCollection_AverageReturn : 4713.6533203125
Done logging...



Saving agent params


********** Iteration 2 ************

Collecting data to be used for training...

Relabelling collected observations with labels from an expert policy...

Training agent using sampled data from replay buffer...

Beginning logging procedure...

Collecting data for eval...
Eval_AverageReturn : 4808.6640625
Eval_StdReturn : 79.86695098876953
Eval_MaxReturn : 4900.8125
Eval_MinReturn : 4706.6171875
Eval_AverageEpLen : 1000.0
Train_AverageReturn : 3662.315185546875
Train_StdReturn : 1034.305419921875
Train_MaxReturn : 4696.62060546875
Train_MinReturn : 2628.009765625
Train_AverageEpLen : 777.5
Train_EnvstepsSoFar : 2555
TimeSinceStart : 3.331242084503174
Training Loss : 0.0005972689250484109
Initial_DataCollection_AverageReturn : 4713.6533203125
Done logging...



Saving agent params


********** Iteration 3 ************

Collecting data to be used for training...

Relabelling collected observations with labels from an expert policy...

Training agent using sampled data from replay buffer...

Beginning logging procedure...

Collecting data for eval...
Eval_AverageReturn : 4671.40283203125
Eval_StdReturn : 38.90614318847656
Eval_MaxReturn : 4717.53271484375
Eval_MinReturn : 4603.5400390625
Eval_AverageEpLen : 1000.0
Train_AverageReturn : 4683.732421875
Train_StdReturn : 0.0
Train_MaxReturn : 4683.732421875
Train_MinReturn : 4683.732421875
Train_AverageEpLen : 1000.0
Train_EnvstepsSoFar : 3555
TimeSinceStart : 4.469004154205322
Training Loss : 0.0007183768320828676
Initial_DataCollection_AverageReturn : 4713.6533203125
Done logging...



Saving agent params


********** Iteration 4 ************

Collecting data to be used for training...

Relabelling collected observations with labels from an expert policy...

Training agent using sampled data from replay buffer...

Beginning logging procedure...

Collecting data for eval...
Eval_AverageReturn : 4723.7724609375
Eval_StdReturn : 91.9777603149414
Eval_MaxReturn : 4888.6904296875
Eval_MinReturn : 4612.45703125
Eval_AverageEpLen : 1000.0
Train_AverageReturn : 4620.71533203125
Train_StdReturn : 0.0
Train_MaxReturn : 4620.71533203125
Train_MinReturn : 4620.71533203125
Train_AverageEpLen : 1000.0
Train_EnvstepsSoFar : 4555
TimeSinceStart : 5.616573095321655
Training Loss : 0.0005579532007686794
Initial_DataCollection_AverageReturn : 4713.6533203125
Done logging...



Saving agent params


********** Iteration 5 ************

Collecting data to be used for training...

Relabelling collected observations with labels from an expert policy...

Training agent using sampled data from replay buffer...

Beginning logging procedure...

Collecting data for eval...
Eval_AverageReturn : 4729.74365234375
Eval_StdReturn : 86.06304168701172
Eval_MaxReturn : 4867.9833984375
Eval_MinReturn : 4602.3828125
Eval_AverageEpLen : 1000.0
Train_AverageReturn : 4638.64013671875
Train_StdReturn : 0.0
Train_MaxReturn : 4638.64013671875
Train_MinReturn : 4638.64013671875
Train_AverageEpLen : 1000.0
Train_EnvstepsSoFar : 5555
TimeSinceStart : 6.76904821395874
Training Loss : 0.0005800063372589648
Initial_DataCollection_AverageReturn : 4713.6533203125
Done logging...



Saving agent params


********** Iteration 6 ************

Collecting data to be used for training...

Relabelling collected observations with labels from an expert policy...

Training agent using sampled data from replay buffer...

Beginning logging procedure...

Collecting data for eval...
Eval_AverageReturn : 4685.73583984375
Eval_StdReturn : 101.49673461914062
Eval_MaxReturn : 4805.4521484375
Eval_MinReturn : 4550.4140625
Eval_AverageEpLen : 1000.0
Train_AverageReturn : 4693.3623046875
Train_StdReturn : 0.0
Train_MaxReturn : 4693.3623046875
Train_MinReturn : 4693.3623046875
Train_AverageEpLen : 1000.0
Train_EnvstepsSoFar : 6555
TimeSinceStart : 7.925786018371582
Training Loss : 0.0004281469446141273
Initial_DataCollection_AverageReturn : 4713.6533203125
Done logging...



Saving agent params


********** Iteration 7 ************

Collecting data to be used for training...

Relabelling collected observations with labels from an expert policy...

Training agent using sampled data from replay buffer...

Beginning logging procedure...

Collecting data for eval...
Eval_AverageReturn : 4695.61767578125
Eval_StdReturn : 172.10598754882812
Eval_MaxReturn : 4925.9208984375
Eval_MinReturn : 4442.7314453125
Eval_AverageEpLen : 1000.0
Train_AverageReturn : 4646.0087890625
Train_StdReturn : 0.0
Train_MaxReturn : 4646.0087890625
Train_MinReturn : 4646.0087890625
Train_AverageEpLen : 1000.0
Train_EnvstepsSoFar : 7555
TimeSinceStart : 9.092710971832275
Training Loss : 0.00041974999476224184
Initial_DataCollection_AverageReturn : 4713.6533203125
Done logging...



Saving agent params


********** Iteration 8 ************

Collecting data to be used for training...

Relabelling collected observations with labels from an expert policy...

Training agent using sampled data from replay buffer...

Beginning logging procedure...

Collecting data for eval...
Eval_AverageReturn : 4701.66552734375
Eval_StdReturn : 74.48157501220703
Eval_MaxReturn : 4802.9921875
Eval_MinReturn : 4574.2431640625
Eval_AverageEpLen : 1000.0
Train_AverageReturn : 4554.80126953125
Train_StdReturn : 0.0
Train_MaxReturn : 4554.80126953125
Train_MinReturn : 4554.80126953125
Train_AverageEpLen : 1000.0
Train_EnvstepsSoFar : 8555
TimeSinceStart : 10.272056818008423
Training Loss : 0.000594804179854691
Initial_DataCollection_AverageReturn : 4713.6533203125
Done logging...



Saving agent params


********** Iteration 9 ************

Collecting data to be used for training...

Relabelling collected observations with labels from an expert policy...

Training agent using sampled data from replay buffer...

Beginning logging procedure...

Collecting data for eval...
Eval_AverageReturn : 4787.55322265625
Eval_StdReturn : 62.30733108520508
Eval_MaxReturn : 4881.7294921875
Eval_MinReturn : 4694.1064453125
Eval_AverageEpLen : 1000.0
Train_AverageReturn : 4650.66162109375
Train_StdReturn : 0.0
Train_MaxReturn : 4650.66162109375
Train_MinReturn : 4650.66162109375
Train_AverageEpLen : 1000.0
Train_EnvstepsSoFar : 9555
TimeSinceStart : 11.457634210586548
Training Loss : 0.0006573264254257083
Initial_DataCollection_AverageReturn : 4713.6533203125
Done logging...



Saving agent params
